2






















;












xyz












åçé{|












àâäèê




















































xyz





xyz



åçé



åçé








àâäàâä






{|






èê






;



xyz;



åçé

àâäxyz


åçé



àâ



xyz





åçé{|



àâäèê







;



{|èê;xy


åçé{|


àâä
èê;

xyz

åçé
àâä
{|






èê
xyz







åçé{|





àâèê











;





;





xyz







åçé
xyz{|


àâ

åçéèê





àâ







xyz


{|

åçé


èê

;
àâä


























